Archive member included because of file (symbol)

/Applications/CrossWorks for ARM 2.3/lib/libm_v7m_t_le_eabi_small.a(libm_asm.o)
                              THUMB Debug/pygmy_string.o (__aeabi_i2d)
/Applications/CrossWorks for ARM 2.3/lib/libm_v7m_t_le_eabi_small.a(libm2.o)
                              THUMB Debug/pygmy_string.o (modf)
/Applications/CrossWorks for ARM 2.3/lib/libm_v7m_t_le_eabi_small.a(libm2_asm.o)
                              /Applications/CrossWorks for ARM 2.3/lib/libm_v7m_t_le_eabi_small.a(libm2.o) (fabs)
/Applications/CrossWorks for ARM 2.3/lib/libc_v7m_t_le_eabi_small.a(libc_asm.o)
                              THUMB Debug/pygmy_string.o (__aeabi_ldivmod)
/Applications/CrossWorks for ARM 2.3/lib/libc_v7m_t_le_eabi_small.a(libc2.o)
                              THUMB Debug/pygmy_string.o (malloc)
/Applications/CrossWorks for ARM 2.3/lib/libc_v7m_t_le_eabi_small.a(libc2_asm.o)
                              THUMB Debug/pygmy_stream.o (memcpy)
/Applications/CrossWorks for ARM 2.3/lib/libc_v7m_t_le_eabi_small.a(__vfprintf_int.o)
                              (__vfprintf_int)
/Applications/CrossWorks for ARM 2.3/lib/libc_v7m_t_le_eabi_small.a(__vfscanf_int.o)
                              (__vfscanf_int)
/Applications/CrossWorks for ARM 2.3/lib/libcpp_v7m_t_le_eabi_small.a(new.o)
                              THUMB Debug/pygmy_stream.o (operator new(unsigned int))
/Applications/CrossWorks for ARM 2.3/lib/libcpp_v7m_t_le_eabi_small.a(delete.o)
                              THUMB Debug/pygmy_stream.o (operator delete(void*))
/Applications/CrossWorks for ARM 2.3/lib/libcpp_v7m_t_le_eabi_small.a(__aeabi_atexit.o)
                              THUMB Debug/pygmy_string.o (__aeabi_atexit)
/Applications/CrossWorks for ARM 2.3/lib/libdebugio_v7m_t_le_eabi_small.a(libdebugio.o)
                              (__do_debug_operation_mempoll)
/Applications/CrossWorks for ARM 2.3/lib/libc_user_libc_v7m_t_le_eabi_small.a(user_libc.o)
                              /Applications/CrossWorks for ARM 2.3/lib/libm_v7m_t_le_eabi_small.a(libm2.o) (__errno)

Discarded input sections

 .text          0x00000000        0x0 THUMB Debug/pygmy_pin.o
 .data          0x00000000        0x0 THUMB Debug/pygmy_pin.o
 .bss           0x00000000        0x0 THUMB Debug/pygmy_pin.o
 .text._ZN3PinC2Ev
                0x00000000        0x2 THUMB Debug/pygmy_pin.o
 .text._ZN3PinC2Et
                0x00000000        0x4 THUMB Debug/pygmy_pin.o
 .text._ZN3Pin3getEv
                0x00000000        0x6 THUMB Debug/pygmy_pin.o
 .text._ZN3Pin6analogEv
                0x00000000       0x12 THUMB Debug/pygmy_pin.o
 .text._ZN3Pin9interruptEPv
                0x00000000        0x2 THUMB Debug/pygmy_pin.o
 .text._ZN3Pin3pwmEmh
                0x00000000        0x2 THUMB Debug/pygmy_pin.o
 .text._ZN10PWMChannelC2Etmh
                0x00000000       0x16 THUMB Debug/pygmy_pin.o
 .text._ZN10PWMChannel12getFrequencyEv
                0x00000000        0x4 THUMB Debug/pygmy_pin.o
 .text._ZN10PWMChannel12getDutyCycleEv
                0x00000000        0x4 THUMB Debug/pygmy_pin.o
 .text._ZN10PWMChannel12setDutyCycleEm
                0x00000000        0xe THUMB Debug/pygmy_pin.o
 .text._ZN10PWMChannel12setFrequencyEm
                0x00000000        0xc THUMB Debug/pygmy_pin.o
 .text          0x00000000        0x0 THUMB Debug/stm32.o
 .data          0x00000000        0x0 THUMB Debug/stm32.o
 .bss           0x00000000        0x0 THUMB Debug/stm32.o
 .text._Z23interruptGetTimerVectorh
                0x00000000        0xc THUMB Debug/stm32.o
 .text._Z15interruptEnablem
                0x00000000       0x30 THUMB Debug/stm32.o
 .text._Z16interruptDisablem
                0x00000000       0x34 THUMB Debug/stm32.o
 .text._Z15cpuGetMainClockv
                0x00000000        0xc THUMB Debug/stm32.o
 .text._Z8getTimerh
                0x00000000       0x18 THUMB Debug/stm32.o
 .text._Z16enableTimerClockh
                0x00000000       0xf8 THUMB Debug/stm32.o
 .text._Z17disableTimerClockh
                0x00000000       0xf8 THUMB Debug/stm32.o
 .text._Z20enableTimerInterrupth
                0x00000000       0x14 THUMB Debug/stm32.o
 .text._Z9mcoEnableh
                0x00000000       0x58 THUMB Debug/stm32.o
 .text._Z6pinGett
                0x00000000       0x58 THUMB Debug/stm32.o
 .text._Z13getDelayTimerv
                0x00000000        0xc THUMB Debug/stm32.o
 .text._Z11getPWMTimerv
                0x00000000        0xc THUMB Debug/stm32.o
 .text._Z11pinGetTimert
                0x00000000       0x50 THUMB Debug/stm32.o
 .text._Z13pinGetChannelt
                0x00000000       0x2c THUMB Debug/stm32.o
 .text._Z17pinSetSoftPWMFreqm
                0x00000000        0xc THUMB Debug/stm32.o
 .text._Z17pinGetSoftPWMFreqv
                0x00000000        0xc THUMB Debug/stm32.o
 .text._Z14pinInitSoftPWMv
                0x00000000       0x6c THUMB Debug/stm32.o
 .text._Z11pinPulseLowhmm
[...]
Memory Configuration

Name             Origin             Length             Attributes
UNPLACED_SECTIONS 0xffffffff         0x00000000         xw
FLASH_BANK2      0x08080000         0x00080000         xr
FLASH_BANK1      0x08000000         0x00080000         xr
FLASH            0x08000000         0x00100000         xr
SYSTEM           0x1fffe000         0x00001800         xw
OPTION           0x1ffff800         0x00000010         xw
RAM              0x20000000         0x00018000         xw
APB1             0x40000000         0x00010000         xw
APB2             0x40010000         0x00008000         xw
SDIO             0x40018000         0x00000400         xw
AHB              0x40020000         0x00003400         xw
FSMC             0xa0000000         0x00001000         xw
PCCARD           0x90000000         0x00000000         xw
NAND2            0x80000000         0x00000000         xw
NAND1            0x70000000         0x00000000         xw
NOR_PSRAM4       0x6c000000         0x00000000         xw
NOR_PSRAM3       0x68000000         0x00000000         xw
NOR_PSRAM2       0x64000000         0x00000000         xw
NOR_PSRAM1       0x60000000         0x00000000         xw
PPB              0xe0000000         0x00100000         xw
DBG              0xe0042000         0x00000010         xw
CM3_System_Control_Space 0xe000e000         0x00001000         xw
*default*        0x00000000         0xffffffff

Linker script and memory map

                0x08003684                __do_debug_operation = __do_debug_operation_mempoll
                0x08002de4                __vfprintf = __vfprintf_int
                0x0800338c                __vfscanf = __vfscanf_int
                0x08080000                __FLASH_BANK2_segment_start__ = 0x8080000
                0x08100000                __FLASH_BANK2_segment_end__ = 0x8100000
                0x08000000                __FLASH_BANK1_segment_start__ = 0x8000000
                0x08080000                __FLASH_BANK1_segment_end__ = 0x8080000
                0x08000000                __FLASH_segment_start__ = 0x8000000
                0x08100000                __FLASH_segment_end__ = 0x8100000
                0x1fffe000                __SYSTEM_segment_start__ = 0x1fffe000
                0x1ffff800                __SYSTEM_segment_end__ = 0x1ffff800
                0x1ffff800                __OPTION_segment_start__ = 0x1ffff800
                0x1ffff810                __OPTION_segment_end__ = 0x1ffff810
                0x20000000                __RAM_segment_start__ = 0x20000000
                0x20018000                __RAM_segment_end__ = 0x20018000
                0x40000000                __APB1_segment_start__ = 0x40000000
                0x40010000                __APB1_segment_end__ = 0x40010000
                0x40010000                __APB2_segment_start__ = 0x40010000
                0x40018000                __APB2_segment_end__ = 0x40018000
                0x40018000                __SDIO_segment_start__ = 0x40018000
                0x40018400                __SDIO_segment_end__ = 0x40018400
                0x40020000                __AHB_segment_start__ = 0x40020000
                0x40023400                __AHB_segment_end__ = 0x40023400
                0xa0000000                __FSMC_segment_start__ = 0xa0000000
                0xa0001000                __FSMC_segment_end__ = 0xa0001000
                0x90000000                __PCCARD_segment_start__ = 0x90000000
                0x90000000                __PCCARD_segment_end__ = 0x90000000
                0x80000000                __NAND2_segment_start__ = 0x80000000
                0x80000000                __NAND2_segment_end__ = 0x80000000
                0x70000000                __NAND1_segment_start__ = 0x70000000
                0x70000000                __NAND1_segment_end__ = 0x70000000
                0x6c000000                __NOR_PSRAM4_segment_start__ = 0x6c000000
                0x6c000000                __NOR_PSRAM4_segment_end__ = 0x6c000000
                0x68000000                __NOR_PSRAM3_segment_start__ = 0x68000000
                0x68000000                __NOR_PSRAM3_segment_end__ = 0x68000000
                0x64000000                __NOR_PSRAM2_segment_start__ = 0x64000000
                0x64000000                __NOR_PSRAM2_segment_end__ = 0x64000000
                0x60000000                __NOR_PSRAM1_segment_start__ = 0x60000000
                0x60000000                __NOR_PSRAM1_segment_end__ = 0x60000000
                0xe0000000                __PPB_segment_start__ = 0xe0000000
                0xe0100000                __PPB_segment_end__ = 0xe0100000
                0xe0042000                __DBG_segment_start__ = 0xe0042000
                0xe0042010                __DBG_segment_end__ = 0xe0042010
                0xe000e000                __CM3_System_Control_Space_segment_start__ = 0xe000e000
                0xe000f000                __CM3_System_Control_Space_segment_end__ = 0xe000f000
                0x00000800                __STACKSIZE__ = 0x800
                0x00000200                __STACKSIZE_PROCESS__ = 0x200
                0x00000000                __STACKSIZE_IRQ__ = 0x0
                0x00000000                __STACKSIZE_FIQ__ = 0x0
                0x00000000                __STACKSIZE_SVC__ = 0x0
                0x00000000                __STACKSIZE_ABT__ = 0x0
                0x00000000                __STACKSIZE_UND__ = 0x0
                0x0000ffff                __HEAPSIZE__ = 0xffff
                0x20000000                __vectors_ram_load_start__ = ALIGN (__RAM_segment_start__, 0x100)

.vectors_ram    0x20000000        0x0
                0x20000000                __vectors_ram_start__ = .
 *(.vectors_ram .vectors_ram.*)
                0x20000000                __vectors_ram_end__ = (__vectors_ram_start__ + SIZEOF (.vectors_ram))
                0x20000000                __vectors_ram_load_end__ = __vectors_ram_end__
                0x00000001                . = ASSERT (((__vectors_ram_end__ >= __RAM_segment_start__) && (__vectors_ram_end__ <= __RAM_segment_end__)), error: .vectors_ram is too large to fit in RAM memory segment)
                0x08000000                __vectors_load_start__ = ALIGN (__FLASH_segment_start__, 0x100)

.vectors        0x08000000      0x130
                0x08000000                __vectors_start__ = .
 *(.vectors .vectors.*)
 .vectors       0x08000000      0x130 THUMB Debug/STM32_Startup.o
                0x08000000                _vectors
                0x08000130                __vectors_end__ = (__vectors_start__ + SIZEOF (.vectors))
                0x08000130                __vectors_load_end__ = __vectors_end__
                0x00000001                . = ASSERT (((__vectors_end__ >= __FLASH_segment_start__) && (__vectors_end__ <= __FLASH_segment_end__)), error: .vectors is too large to fit in FLASH memory segment)
                0x08000130                __init_load_start__ = ALIGN (__vectors_end__, 0x4)

.init           0x08000130      0x1d8
                0x08000130                __init_start__ = .
 *(.init .init.*)
 .init          0x08000130      0x12c THUMB Debug/thumb_crt0.o
                0x08000130                _start
                0x080001c8                exit
                0x080001ec                __putchar
                0x080001ec                __getchar
 .init          0x0800025c       0xac THUMB Debug/STM32_Startup.o
                0x0800025c                NMI_Handler
                0x0800025e                HardFault_Handler
                0x08000260                MemManage_Handler
                0x08000262                BusFault_Handler
                0x08000264                UsageFault_Handler
                0x08000266                SVC_Handler
                0x08000268                DebugMon_Handler
                0x0800026a                PendSV_Handler
                0x0800026c                SysTick_Handler
                0x0800026e                WWDG_IRQHandler
                0x08000270                PVD_IRQHandler
                0x08000272                TAMPER_IRQHandler
                0x08000274                RTC_IRQHandler
                0x08000276                FLASH_IRQHandler
                0x08000278                RCC_IRQHandler
                0x0800027a                EXTI0_IRQHandler
                0x0800027c                EXTI1_IRQHandler
                0x0800027e                EXTI2_IRQHandler
                0x08000280                EXTI3_IRQHandler
                0x08000282                EXTI4_IRQHandler
                0x08000284                DMA1_Channel1_IRQHandler
                0x08000286                DMA1_Channel2_IRQHandler
                0x08000288                DMA1_Channel3_IRQHandler
                0x0800028a                DMA1_Channel4_IRQHandler
                0x0800028c                DMA1_Channel5_IRQHandler
                0x0800028e                DMA1_Channel6_IRQHandler
                0x08000290                DMA1_Channel7_IRQHandler
                0x08000292                ADC1_2_IRQHandler
                0x08000294                USB_HP_CAN1_TX_IRQHandler
                0x08000296                USB_LP_CAN1_RX0_IRQHandler
                0x08000298                CAN1_RX1_IRQHandler
                0x0800029a                CAN1_SCE_IRQHandler
                0x0800029c                EXTI9_5_IRQHandler
                0x0800029e                TIM1_BRK_TIM9_IRQHandler
                0x080002a0                TIM1_UP_TIM10_IRQHandler
                0x080002a2                TIM1_TRG_COM_TIM11_IRQHandler
                0x080002a4                TIM1_CC_IRQHandler
                0x080002a6                TIM2_IRQHandler
                0x080002a8                TIM3_IRQHandler
                0x080002aa                TIM4_IRQHandler
                0x080002ac                I2C1_EV_IRQHandler
                0x080002ae                I2C1_ER_IRQHandler
                0x080002b0                I2C2_EV_IRQHandler
                0x080002b2                I2C2_ER_IRQHandler
                0x080002b4                SPI1_IRQHandler
                0x080002b6                SPI2_IRQHandler
                0x080002ba                USART2_IRQHandler
                0x080002bc                USART3_IRQHandler
                0x080002be                EXTI15_10_IRQHandler
                0x080002c0                RTCAlarm_IRQHandler
                0x080002c2                USBWakeUp_IRQHandler
                0x080002c4                TIM8_BRK_TIM12_IRQHandler
                0x080002c6                TIM8_UP_TIM13_IRQHandler
                0x080002c8                TIM8_TRG_COM_TIM14_IRQHandler
                0x080002ca                TIM8_CC_IRQHandler
                0x080002cc                ADC3_IRQHandler
                0x080002ce                FSMC_IRQHandler
                0x080002d0                SDIO_IRQHandler
                0x080002d2                TIM5_IRQHandler
                0x080002d4                SPI3_IRQHandler
                0x080002d6                UART4_IRQHandler
                0x080002d8                UART5_IRQHandler
                0x080002da                TIM6_IRQHandler
                0x080002dc                TIM7_IRQHandler
                0x080002de                DMA2_Channel1_IRQHandler
                0x080002e0                DMA2_Channel2_IRQHandler
                0x080002e2                DMA2_Channel3_IRQHandler
                0x080002e4                DMA2_Channel4_5_IRQHandler
                0x080002e6                reset_handler
                0x080002f8                SystemInit
                0x08000308                __init_end__ = (__init_start__ + SIZEOF (.init))
                0x08000308                __init_load_end__ = __init_end__
                0x00000001                . = ASSERT (((__init_end__ >= __FLASH_segment_start__) && (__init_end__ <= __FLASH_segment_end__)), error: .init is too large to fit in FLASH memory segment)
                0x08000308                __text_load_start__ = ALIGN (__init_end__, 0x4)

.text           0x08000308     0x33b4
                0x08000308                __text_start__ = .
 *(.text .text.* .glue_7t .glue_7 .gnu.linkonce.t.* .gcc_except_table .ARM.extab* .gnu.linkonce.armextab.*)
 .glue_7        0x00000000        0x0 linker stubs
 .glue_7t       0x00000000        0x0 linker stubs
 .text._ZN3PinC2Eth
                0x08000308       0x14 THUMB Debug/pygmy_pin.o
                0x08000308                Pin::Pin(unsigned short, unsigned char)
                0x08000308                Pin::Pin(unsigned short, unsigned char)
 .text._ZN3Pin3setEb
                0x0800031c        0x6 THUMB Debug/pygmy_pin.o
                0x0800031c                Pin::set(bool)
 *fill*         0x08000322        0x2 00
 .text._Z20interruptSetPrioritymh
                0x08000324       0xbc THUMB Debug/stm32.o
                0x08000324                interruptSetPriority(unsigned long, unsigned char)
 .text._Z15cpuSetMainClockm
                0x080003e0        0xc THUMB Debug/stm32.o
                0x080003e0                cpuSetMainClock(unsigned long)
 .text._Z6pinSettb
                0x080003ec       0x60 THUMB Debug/stm32.o
                0x080003ec                pinSet(unsigned short, bool)
 .text._Z10pinGetPortt
                0x0800044c       0x40 THUMB Debug/stm32.o
                0x0800044c                pinGetPort(unsigned short)
 .text._Z18pinEnablePortClockt
                0x0800048c       0x5c THUMB Debug/stm32.o
                0x0800048c                pinEnablePortClock(unsigned short)
 .text._Z9pinConfigth
                0x080004e8       0x7e THUMB Debug/stm32.o
                0x080004e8                pinConfig(unsigned short, unsigned char)
 *fill*         0x08000566        0x2 00
 .text._Z10cpuComOpenhttttmh
                0x08000568      0x12c THUMB Debug/stm32.o
                0x08000568                cpuComOpen(unsigned char, unsigned short, unsigned short, unsigned short, unsigned short, unsigned long, unsigned char)
 .text.USART1_IRQHandler
                0x08000694       0x68 THUMB Debug/stm32.o
                0x08000694                USART1_IRQHandler
 .text._Z11getCom1Uartv
                0x080006fc        0xc THUMB Debug/stm32.o
                0x080006fc                getCom1Uart()
 .text._Z11setCom1UartPv
                0x08000708        0xc THUMB Debug/stm32.o
                0x08000708                setCom1Uart(void*)
 .text._Z16setCom1RXHandlerPv
                0x08000714        0xc THUMB Debug/stm32.o
                0x08000714                setCom1RXHandler(void*)
 .text._Z10putcUSART1h
                0x08000720       0x20 THUMB Debug/stm32.o
                0x08000720                putcUSART1(unsigned char)
 .text._Z11getCom2Uartv
                0x08000740        0xc THUMB Debug/stm32.o
                0x08000740                getCom2Uart()
 .text._Z11setCom2UartPv
                0x0800074c        0xc THUMB Debug/stm32.o
                0x0800074c                setCom2Uart(void*)
 .text._Z16setCom2RXHandlerPv
                0x08000758        0xc THUMB Debug/stm32.o
                0x08000758                setCom2RXHandler(void*)
 .text._Z10putcUSART2h
                0x08000764       0x20 THUMB Debug/stm32.o
                0x08000764                putcUSART2(unsigned char)
 .text._Z11getCom3Uartv
                0x08000784        0xc THUMB Debug/stm32.o
                0x08000784                getCom3Uart()
 .text._Z11setCom3UartPv
                0x08000790        0xc THUMB Debug/stm32.o
                0x08000790                setCom3Uart(void*)
 .text._Z16setCom3RXHandlerPv
                0x0800079c        0xc THUMB Debug/stm32.o
                0x0800079c                setCom3RXHandler(void*)
 .text._Z10putcUSART3h
                0x080007a8       0x20 THUMB Debug/stm32.o
                0x080007a8                putcUSART3(unsigned char)
 .text._Z11getCom4Uartv
                0x080007c8        0xc THUMB Debug/stm32.o
                0x080007c8                getCom4Uart()
 .text._Z11setCom4UartPv
                0x080007d4        0xc THUMB Debug/stm32.o
                0x080007d4                setCom4Uart(void*)
 .text._Z16setCom4RXHandlerPv
                0x080007e0        0xc THUMB Debug/stm32.o
                0x080007e0                setCom4RXHandler(void*)
 .text._Z10putcUSART4h
                0x080007ec       0x20 THUMB Debug/stm32.o
                0x080007ec                putcUSART4(unsigned char)
 .text._Z9adcGetSQRh
                0x0800080c       0x38 THUMB Debug/stm32.o
                0x0800080c                adcGetSQR(unsigned char)
 .text._Z19adcSingleSampleInitv
                0x08000844       0x40 THUMB Debug/stm32.o
                0x08000844                adcSingleSampleInit()
 .text._Z20adcGetChannelFromPinh
                0x08000884       0x1c THUMB Debug/stm32.o
                0x08000884                adcGetChannelFromPin(unsigned char)
 .text._Z16adcEnableChannelh
                0x080008a0       0x68 THUMB Debug/stm32.o
                0x080008a0                adcEnableChannel(unsigned char)
 .text.startup.main
                0x08000908      0x1fc THUMB Debug/main.o
                0x08000908                main
 .text.abort    0x08000b04        0x2 THUMB Debug/main.o
                0x08000b04                abort
 .text._ZN4Uart10com4TXCharEPvc
                0x08000b06        0xe THUMB Debug/pygmy_uart.o
                0x08000b06                Uart::com4TXChar(void*, char)
 .text._ZN4Uart10com3TXCharEPvc
                0x08000b14        0xe THUMB Debug/pygmy_uart.o
                0x08000b14                Uart::com3TXChar(void*, char)
 .text._ZN4Uart10com2TXCharEPvc
                0x08000b22        0xe THUMB Debug/pygmy_uart.o
                0x08000b22                Uart::com2TXChar(void*, char)
 .text._ZN4Uart10com1TXCharEPvc
                0x08000b30        0xe THUMB Debug/pygmy_uart.o
                0x08000b30                Uart::com1TXChar(void*, char)
 *fill*         0x08000b3e        0x2 00
 .text._ZN4Uart4initEssiiii
                0x08000b40       0xcc THUMB Debug/pygmy_uart.o
                0x08000b40                Uart::init(short, short, int, int, int, int)
 .text._ZN4UartC2Essiiii
                0x08000c0c       0x2e THUMB Debug/pygmy_uart.o
                0x08000c0c                Uart::Uart(short, short, int, int, int, int)
                0x08000c0c                Uart::Uart(short, short, int, int, int, int)
 .text._ZN4Uart10getComUartEs
                0x08000c3a       0x24 THUMB Debug/pygmy_uart.o
                0x08000c3a                Uart::getComUart(short)
 .text._ZN4Uart6rxCharEPvc
                0x08000c5e       0x34 THUMB Debug/pygmy_uart.o
                0x08000c5e                Uart::rxChar(void*, char)
 .text._ZN6StreamC2Ev
                0x08000c92       0x28 THUMB Debug/pygmy_stream.o
                0x08000c92                Stream::Stream()
                0x08000c92                Stream::Stream()
 .text._ZNK9stlp_priv12_String_baseIcN11stlpmtx_std9allocatorIcEEE8_M_StartEv
                0x08000cba        0xe THUMB Debug/pygmy_stream.o
                0x08000cba                stlp_priv::_String_base<char, stlpmtx_std::allocator<char> >::_M_Start() const
 .text._ZNK11stlpmtx_std12basic_stringIcNS_11char_traitsIcEENS_9allocatorIcEEE4sizeEv
                0x08000cc8        0xe THUMB Debug/pygmy_stream.o
                0x08000cc8                stlpmtx_std::basic_string<char, stlpmtx_std::char_traits<char>, stlpmtx_std::allocator<char> >::size() const
 .text._ZN9stlp_priv12_String_baseIcN11stlpmtx_std9allocatorIcEEE8_M_StartEv
                0x08000cd6        0xe THUMB Debug/pygmy_stream.o
                0x08000cd6                stlp_priv::_String_base<char, stlpmtx_std::allocator<char> >::_M_Start()
 .text._ZN11stlpmtx_std12basic_stringIcNS_11char_traitsIcEENS_9allocatorIcEEE2atEj
                0x08000ce4       0x1c THUMB Debug/pygmy_stream.o
                0x08000ce4                stlpmtx_std::basic_string<char, stlpmtx_std::char_traits<char>, stlpmtx_std::allocator<char> >::at(unsigned int)
 .text._ZN9stlp_priv12_String_baseIcN11stlpmtx_std9allocatorIcEEE17_M_allocate_blockEj
                0x08000d00       0x26 THUMB Debug/pygmy_stream.o
                0x08000d00                stlp_priv::_String_base<char, stlpmtx_std::allocator<char> >::_M_allocate_block(unsigned int)
 .text._ZN11stlpmtx_std12basic_stringIcNS_11char_traitsIcEENS_9allocatorIcEEEC2ERKS4_
                0x08000d26       0x1c THUMB Debug/pygmy_stream.o
                0x08000d26                stlpmtx_std::basic_string<char, stlpmtx_std::char_traits<char>, stlpmtx_std::allocator<char> >::basic_string(stlpmtx_std::allocator<char> const&)
                0x08000d26                stlpmtx_std::basic_string<char, stlpmtx_std::char_traits<char>, stlpmtx_std::allocator<char> >::basic_string(stlpmtx_std::allocator<char> const&)
 .text._ZN9stlp_priv12_String_baseIcN11stlpmtx_std9allocatorIcEEE19_M_deallocate_blockEv
                0x08000d42       0x14 THUMB Debug/pygmy_stream.o
                0x08000d42                stlp_priv::_String_base<char, stlpmtx_std::allocator<char> >::_M_deallocate_block()
 .text._ZN11stlpmtx_std12basic_stringIcNS_11char_traitsIcEENS_9allocatorIcEEED2Ev
                0x08000d56        0xc THUMB Debug/pygmy_stream.o
                0x08000d56                stlpmtx_std::basic_string<char, stlpmtx_std::char_traits<char>, stlpmtx_std::allocator<char> >::~basic_string()
                0x08000d56                stlpmtx_std::basic_string<char, stlpmtx_std::char_traits<char>, stlpmtx_std::allocator<char> >::~basic_string()
 .text._ZN11PygmyStringD2Ev
                0x08000d62        0xc THUMB Debug/pygmy_stream.o
                0x08000d62                PygmyString::~PygmyString()
                0x08000d62                PygmyString::~PygmyString()
 .text._ZN11stlpmtx_std18__char_traits_baseIciE4copyEPcPKcj
                0x08000d6e        0x8 THUMB Debug/pygmy_stream.o
                0x08000d6e                stlpmtx_std::__char_traits_base<char, int>::copy(char*, char const*, unsigned int)
 .text._ZN11stlpmtx_std12basic_stringIcNS_11char_traitsIcEENS_9allocatorIcEEE19_M_range_initializeEPKcS7_
                0x08000d76       0x52 THUMB Debug/pygmy_stream.o
                0x08000d76                stlpmtx_std::basic_string<char, stlpmtx_std::char_traits<char>, stlpmtx_std::allocator<char> >::_M_range_initialize(char const*, char const*)
 .text._ZN11stlpmtx_std12basic_stringIcNS_11char_traitsIcEENS_9allocatorIcEEEC2EPKcRKS4_
                0x08000dc8       0x22 THUMB Debug/pygmy_stream.o
                0x08000dc8                stlpmtx_std::basic_string<char, stlpmtx_std::char_traits<char>, stlpmtx_std::allocator<char> >::basic_string(char const*, stlpmtx_std::allocator<char> const&)
                0x08000dc8                stlpmtx_std::basic_string<char, stlpmtx_std::char_traits<char>, stlpmtx_std::allocator<char> >::basic_string(char const*, stlpmtx_std::allocator<char> const&)
 .text._ZN11PygmyStringC2EPKc
                0x08000dea        0xe THUMB Debug/pygmy_stream.o
                0x08000dea                PygmyString::PygmyString(char const*)
                0x08000dea                PygmyString::PygmyString(char const*)
 .text._ZN11stlpmtx_std12basic_stringIcNS_11char_traitsIcEENS_9allocatorIcEEEC2ERKS5_
                0x08000df8       0x22 THUMB Debug/pygmy_stream.o
                0x08000df8                stlpmtx_std::basic_string<char, stlpmtx_std::char_traits<char>, stlpmtx_std::allocator<char> >::basic_string(stlpmtx_std::basic_string<char, stlpmtx_std::char_traits<char>, stlpmtx_std::allocator<char> > const&)
                0x08000df8                stlpmtx_std::basic_string<char, stlpmtx_std::char_traits<char>, stlpmtx_std::allocator<char> >::basic_string(stlpmtx_std::basic_string<char, stlpmtx_std::char_traits<char>, stlpmtx_std::allocator<char> > const&)
 .text._ZN11stlpmtx_std12basic_stringIcNS_11char_traitsIcEENS_9allocatorIcEEE9_M_appendEPKcS7_
                0x08000e1a      0x104 THUMB Debug/pygmy_stream.o
                0x08000e1a                stlpmtx_std::basic_string<char, stlpmtx_std::char_traits<char>, stlpmtx_std::allocator<char> >::_M_append(char const*, char const*)
 .text._ZN11stlpmtx_std12basic_stringIcNS_11char_traitsIcEENS_9allocatorIcEEE9_M_assignEPKcS7_
                0x08000f1e       0x68 THUMB Debug/pygmy_stream.o
                0x08000f1e                stlpmtx_std::basic_string<char, stlpmtx_std::char_traits<char>, stlpmtx_std::allocator<char> >::_M_assign(char const*, char const*)
 .text._ZN11stlpmtx_std12basic_stringIcNS_11char_traitsIcEENS_9allocatorIcEEEaSEPKc
                0x08000f86       0x18 THUMB Debug/pygmy_stream.o
                0x08000f86                stlpmtx_std::basic_string<char, stlpmtx_std::char_traits<char>, stlpmtx_std::allocator<char> >::operator=(char const*)
 .text._ZN11stlpmtx_std12basic_stringIcNS_11char_traitsIcEENS_9allocatorIcEEEaSERKS5_
                0x08000f9e       0x1e THUMB Debug/pygmy_stream.o
                0x08000f9e                stlpmtx_std::basic_string<char, stlpmtx_std::char_traits<char>, stlpmtx_std::allocator<char> >::operator=(stlpmtx_std::basic_string<char, stlpmtx_std::char_traits<char>, stlpmtx_std::allocator<char> > const&)
 .text._ZN11stlpmtx_std12basic_stringIcNS_11char_traitsIcEENS_9allocatorIcEEE7reserveEj
                0x08000fbc       0x6a THUMB Debug/pygmy_stream.o
                0x08000fbc                stlpmtx_std::basic_string<char, stlpmtx_std::char_traits<char>, stlpmtx_std::allocator<char> >::reserve(unsigned int)
 .text._ZN11stlpmtx_std12basic_stringIcNS_11char_traitsIcEENS_9allocatorIcEEE9push_backEc
                0x08001026       0x36 THUMB Debug/pygmy_stream.o
                0x08001026                stlpmtx_std::basic_string<char, stlpmtx_std::char_traits<char>, stlpmtx_std::allocator<char> >::push_back(char)
 .text._ZN6Stream13printVariadicER11PygmyStringSt9__va_list
                0x0800105c      0x364 THUMB Debug/pygmy_stream.o
                0x0800105c                Stream::printVariadic(PygmyString&, std::__va_list)
 .text._ZN6Stream5printEPKcz
                0x080013c0       0x30 THUMB Debug/pygmy_stream.o
                0x080013c0                Stream::print(char const*, ...)
 .text._ZN4Fifo15setEventHandlerEPFvPvcE
                0x080013f0        0x4 THUMB Debug/pygmy_fifo.o
                0x080013f0                Fifo::setEventHandler(void (*)(void*, char))
 .text._ZN4Fifo7popCharEv
                0x080013f4       0x20 THUMB Debug/pygmy_fifo.o
                0x080013f4                Fifo::popChar()
 .text._ZN4Fifo7getCharEv
                0x08001414       0x24 THUMB Debug/pygmy_fifo.o
                0x08001414                Fifo::getChar()
 .text._ZN4Fifo8pushCharEc
                0x08001438       0x26 THUMB Debug/pygmy_fifo.o
                0x08001438                Fifo::pushChar(char)
 .text._ZN11stlpmtx_std14_Destroy_RangeINS_16reverse_iteratorIP7CommandEEEEvT_S5_
                0x0800145e       0x18 THUMB Debug/pygmy_fifo.o
                0x0800145e                void stlpmtx_std::_Destroy_Range<stlpmtx_std::reverse_iterator<Command*> >(stlpmtx_std::reverse_iterator<Command*>, stlpmtx_std::reverse_iterator<Command*>)
 .text._ZN11stlpmtx_std6vectorI7CommandNS_9allocatorIS1_EEED2Ev
                0x08001476       0x20 THUMB Debug/pygmy_fifo.o
                0x08001476                stlpmtx_std::vector<Command, stlpmtx_std::allocator<Command> >::~vector()
                0x08001476                stlpmtx_std::vector<Command, stlpmtx_std::allocator<Command> >::~vector()
 .text._ZN4Fifo9getStringEv
                0x08001496       0x4e THUMB Debug/pygmy_fifo.o
                0x08001496                Fifo::getString()
 .text._ZN7CommandC2ERKS_
                0x080014e4       0x1a THUMB Debug/pygmy_fifo.o
                0x080014e4                Command::Command(Command const&)
                0x080014e4                Command::Command(Command const&)
 .text._ZN4Fifo9addActionER7Command
                0x080014fe       0xc2 THUMB Debug/pygmy_fifo.o
                0x080014fe                Fifo::addAction(Command&)
 .text._ZN4Fifo7putCharEc
                0x080015c0       0xea THUMB Debug/pygmy_fifo.o
                0x080015c0                Fifo::putChar(char)
 .text._ZN4Fifo9putStringE11PygmyString
                0x080016aa       0x26 THUMB Debug/pygmy_fifo.o
                0x080016aa                Fifo::putString(PygmyString)
 .text._ZN9stlp_priv6__copyIPK7CommandPS1_iEET0_T_S6_S5_RKN11stlpmtx_std26random_access_iterator_tagEPT1_.isra.41
                0x080016d0       0x46 THUMB Debug/pygmy_fifo.o
 .text._ZN11stlpmtx_std6vectorI7CommandNS_9allocatorIS1_EEEaSERKS4_
                0x08001716       0xf4 THUMB Debug/pygmy_fifo.o
                0x08001716                stlpmtx_std::vector<Command, stlpmtx_std::allocator<Command> >::operator=(stlpmtx_std::vector<Command, stlpmtx_std::allocator<Command> > const&)
 .text._ZN4FifoC2Ei
                0x0800180a       0x3c THUMB Debug/pygmy_fifo.o
                0x0800180a                Fifo::Fifo(int)
                0x0800180a                Fifo::Fifo(int)
 .text._ZNK9stlp_priv12_String_baseIcN11stlpmtx_std9allocatorIcEEE8max_sizeEv.isra.17
                0x08001846        0x6 THUMB Debug/pygmy_string.o
 .text._ZN11stlpmtx_std9allocatorIcE8allocateEjRj.isra.30
                0x0800184c       0x12 THUMB Debug/pygmy_string.o
 .text._ZN9stlp_priv7__ucopyIPcS1_iEET0_T_S3_S2_RKN11stlpmtx_std26random_access_iterator_tagEPT1_.isra.34
                0x0800185e       0x22 THUMB Debug/pygmy_string.o
 .text._ZN9stlp_priv7__ufillIPcciEEvT_S2_RKT0_RKN11stlpmtx_std26random_access_iterator_tagEPT1_.isra.36
                0x08001880       0x1a THUMB Debug/pygmy_string.o
 .text._ZN11PygmyString9isNumericEc
                0x0800189a        0xc THUMB Debug/pygmy_string.o
                0x0800189a                PygmyString::isNumeric(char)
 .text._ZN11PygmyString16isAlphaOrNumericEc
                0x080018a6       0x22 THUMB Debug/pygmy_string.o
                0x080018a6                PygmyString::isAlphaOrNumeric(char)
 .text._ZN11PygmyString20isCharSameIgnoreCaseEcc
                0x080018c8       0x26 THUMB Debug/pygmy_string.o
                0x080018c8                PygmyString::isCharSameIgnoreCase(char, char)
 .text._ZN11PygmyString16convertCharToIntEc
                0x080018ee       0x2a THUMB Debug/pygmy_string.o
                0x080018ee                PygmyString::convertCharToInt(char)
 .text._ZNK11stlpmtx_std12basic_stringIcNS_11char_traitsIcEENS_9allocatorIcEEE4dataEv
                0x08001918        0x8 THUMB Debug/pygmy_string.o
                0x08001918                stlpmtx_std::basic_string<char, stlpmtx_std::char_traits<char>, stlpmtx_std::allocator<char> >::data() const
 .text._ZN11PygmyString10startsWithERS_
                0x08001920       0x4a THUMB Debug/pygmy_string.o
                0x08001920                PygmyString::startsWith(PygmyString&)
 .text._ZN11PygmyString8seekCharEc
                0x0800196a       0x2c THUMB Debug/pygmy_string.o
                0x0800196a                PygmyString::seekChar(char)
 .text._ZN11PygmyString24isCharInStringIgnoreCaseEc
                0x08001996       0x32 THUMB Debug/pygmy_string.o
                0x08001996                PygmyString::isCharInStringIgnoreCase(char)
 .text._ZN11PygmyString14isCharInStringEc
                0x080019c8       0x2c THUMB Debug/pygmy_string.o
                0x080019c8                PygmyString::isCharInString(char)
 .text._ZN11stlpmtx_std12basic_stringIcNS_11char_traitsIcEENS_9allocatorIcEEE5beginEv
                0x080019f4        0x8 THUMB Debug/pygmy_string.o
                0x080019f4                stlpmtx_std::basic_string<char, stlpmtx_std::char_traits<char>, stlpmtx_std::allocator<char> >::begin()
 .text._ZN11stlpmtx_std18__char_traits_baseIciE4moveEPcPKcj
                0x080019fc        0x8 THUMB Debug/pygmy_string.o
                0x080019fc                stlpmtx_std::__char_traits_base<char, int>::move(char*, char const*, unsigned int)
 .text._ZN11stlpmtx_std12basic_stringIcNS_11char_traitsIcEENS_9allocatorIcEEE5eraseEPc
                0x08001a04       0x1c THUMB Debug/pygmy_string.o
                0x08001a04                stlpmtx_std::basic_string<char, stlpmtx_std::char_traits<char>, stlpmtx_std::allocator<char> >::erase(char*)
 .text._ZN11stlpmtx_std12basic_stringIcNS_11char_traitsIcEENS_9allocatorIcEEE5eraseEPcS6_
                0x08001a20       0x26 THUMB Debug/pygmy_string.o
                0x08001a20                stlpmtx_std::basic_string<char, stlpmtx_std::char_traits<char>, stlpmtx_std::allocator<char> >::erase(char*, char*)
 .text._ZN11stlpmtx_std12basic_stringIcNS_11char_traitsIcEENS_9allocatorIcEEE7_M_copyEPKcS7_Pc.isra.13
                0x08001a46       0x12 THUMB Debug/pygmy_string.o
 .text._ZN11PygmyString28convertIntToStringWithFormatExR11PygmyFormat
                0x08001a58      0x140 THUMB Debug/pygmy_string.o
                0x08001a58                PygmyString::convertIntToStringWithFormat(long long, PygmyFormat&)
 .text._ZN11stlpmtx_std12basic_stringIcNS_11char_traitsIcEENS_9allocatorIcEEE6insertEPcjc
                0x08001b98      0x118 THUMB Debug/pygmy_string.o
                0x08001b98                stlpmtx_std::basic_string<char, stlpmtx_std::char_traits<char>, stlpmtx_std::allocator<char> >::insert(char*, unsigned int, char)
 .text._ZN11stlpmtx_std12basic_stringIcNS_11char_traitsIcEENS_9allocatorIcEEE7replaceEjjjc
                0x08001cb0       0x8c THUMB Debug/pygmy_string.o
                0x08001cb0                stlpmtx_std::basic_string<char, stlpmtx_std::char_traits<char>, stlpmtx_std::allocator<char> >::replace(unsigned int, unsigned int, unsigned int, char)
 .text._ZN11PygmyString12replaceCharsERN11stlpmtx_std12basic_stringIcNS0_11char_traitsIcEENS0_9allocatorIcEEEEc
                0x08001d3c       0x60 THUMB Debug/pygmy_string.o
                0x08001d3c                PygmyString::replaceChars(stlpmtx_std::basic_string<char, stlpmtx_std::char_traits<char>, stlpmtx_std::allocator<char> >&, char)
 .text._ZN11PygmyString12replaceCharsEPKcc
                0x08001d9c       0x22 THUMB Debug/pygmy_string.o
                0x08001d9c                PygmyString::replaceChars(char const*, char)
 *fill*         0x08001dbe        0x2 00
 .text._ZN11PygmyString18convertStringToIntEv
                0x08001dc0       0xc4 THUMB Debug/pygmy_string.o
                0x08001dc0                PygmyString::convertStringToInt()
 .text._ZN11PygmyString15convertToFormatEv
                0x08001e84      0x2a4 THUMB Debug/pygmy_string.o
                0x08001e84                PygmyString::convertToFormat()
 .text._ZN11PygmyString18convertIntToStringExRS_
                0x08002128       0x62 THUMB Debug/pygmy_string.o
                0x08002128                PygmyString::convertIntToString(long long, PygmyString&)
 .text._ZN11PygmyString20convertFloatToStringEdRS_
                0x0800218a      0x11a THUMB Debug/pygmy_string.o
                0x0800218a                PygmyString::convertFloatToString(double, PygmyString&)
 .text._ZN5ClockC2El
                0x080022a4       0x64 THUMB Debug/pygmy_clock.o
                0x080022a4                Clock::Clock(long)
                0x080022a4                Clock::Clock(long)
 .text._ZN7Command7getNameEv
                0x08002308        0x4 THUMB Debug/pygmy_command.o
                0x08002308                Command::getName()
 .text._ZN7Command10getHandlerEv
                0x0800230c        0x4 THUMB Debug/pygmy_command.o
                0x0800230c                Command::getHandler()
 .text._ZN7Command9getParentEv
                0x08002310        0x4 THUMB Debug/pygmy_command.o
                0x08002310                Command::getParent()
 .text._ZN7CommandC2EPvS0_PKc
                0x08002314       0x3c THUMB Debug/pygmy_command.o
                0x08002314                Command::Command(void*, void*, char const*)
                0x08002314                Command::Command(void*, void*, char const*)
 .text._ZN7Console5unameEPvR11PygmyString
                0x08002350       0x10 THUMB Debug/pygmy_console.o
                0x08002350                Console::uname(void*, PygmyString&)
 .text._ZN7Console3runEPvR11PygmyString
                0x08002360       0x50 THUMB Debug/pygmy_console.o
                0x08002360                Console::run(void*, PygmyString&)
 .text._ZN11stlpmtx_std19__destroy_range_auxINS_16reverse_iteratorIP7CommandEES2_EEvT_S5_PT0_RKNS_12__false_typeE.isra.35
                0x080023b0       0x1e THUMB Debug/pygmy_console.o
 *fill*         0x080023ce        0x2 00
 .text._ZN7Console4initEv
                0x080023d0      0x120 THUMB Debug/pygmy_console.o
                0x080023d0                Console::init()
 .text.libc.__int32_to_float32
                0x080024f0       0x30 /Applications/CrossWorks for ARM 2.3/lib/libm_v7m_t_le_eabi_small.a(libm_asm.o)
                0x080024f0                __aeabi_i2f
                0x080024f0                __int32_to_float32
                0x080024f0                __floatsisf
                0x08002500                __int32_to_float32_common
 .text.libc.__uint32_to_float32
                0x08002520       0x10 /Applications/CrossWorks for ARM 2.3/lib/libm_v7m_t_le_eabi_small.a(libm_asm.o)
                0x08002520                __uint32_to_float32
                0x08002520                __aeabi_ui2f
                0x08002520                __floatunsisf
 .text.libc.__float64_to_uint32
                0x08002530       0x34 /Applications/CrossWorks for ARM 2.3/lib/libm_v7m_t_le_eabi_small.a(libm_asm.o)
                0x08002530                __fixunsdfsi
                0x08002530                __aeabi_d2uiz
                0x08002530                __float64_to_uint32
 .text.libc.__float32_to_float64
                0x08002564       0x38 /Applications/CrossWorks for ARM 2.3/lib/libm_v7m_t_le_eabi_small.a(libm_asm.o)
                0x08002564                __extendsfdf2
                0x08002564                __float32_to_float64
                0x08002564                __aeabi_f2d
 .text.libc.__float64_add
                0x0800259c      0x2b8 /Applications/CrossWorks for ARM 2.3/lib/libm_v7m_t_le_eabi_small.a(libm_asm.o)
                0x0800259c                __aeabi_drsub
                0x080025a4                __float64_sub
                0x080025a4                __aeabi_dsub
                0x080025a4                __subdf3
                0x080025a8                __aeabi_dadd
                0x080025a8                __float64_add
                0x080025a8                __adddf3
 .text.libc.__float64_mul
                0x08002854      0x180 /Applications/CrossWorks for ARM 2.3/lib/libm_v7m_t_le_eabi_small.a(libm_asm.o)
                0x08002854                __aeabi_dmul
                0x08002854                __float64_mul
                0x08002854                __muldf3
 .text.libc.__float64_cmp
                0x080029d4       0x6c /Applications/CrossWorks for ARM 2.3/lib/libm_v7m_t_le_eabi_small.a(libm_asm.o)
                0x080029d4                __ltdf2
                0x080029d4                __eqdf2
                0x080029d4                __gtdf2
                0x080029d4                __cmpdf2
                0x080029d4                __ledf2
                0x080029d4                __nedf2
                0x080029d4                __gedf2
 .text.libc.__aeabi_dcmpeq
                0x08002a40       0x18 /Applications/CrossWorks for ARM 2.3/lib/libm_v7m_t_le_eabi_small.a(libm_asm.o)
                0x08002a40                __aeabi_dcmpeq
 .text.libc.modf
                0x08002a58       0x9c /Applications/CrossWorks for ARM 2.3/lib/libm_v7m_t_le_eabi_small.a(libm2.o)
                0x08002a58                modf
 .text.libc.__int64_udivmod
                0x08002af4       0x60 /Applications/CrossWorks for ARM 2.3/lib/libc_v7m_t_le_eabi_small.a(libc_asm.o)
                0x08002af4                __int64_udivmod
                0x08002af4                __aeabi_uldivmod
                0x08002af4                __int64_udiv
                0x08002af4                __udivdi3
 .text.libc.__aeabi_ldivmod
                0x08002b54       0x60 /Applications/CrossWorks for ARM 2.3/lib/libc_v7m_t_le_eabi_small.a(libc_asm.o)
                0x08002b54                __aeabi_ldivmod
 .text.libc.__digit
                0x08002bb4       0x32 /Applications/CrossWorks for ARM 2.3/lib/libc_v7m_t_le_eabi_small.a(libc2.o)
                0x08002bb4                __digit
 .text.libc.__getc
                0x08002be6       0x20 /Applications/CrossWorks for ARM 2.3/lib/libc_v7m_t_le_eabi_small.a(libc2.o)
                0x08002be6                __getc
 .text.libc.__putc
                0x08002c06       0x34 /Applications/CrossWorks for ARM 2.3/lib/libc_v7m_t_le_eabi_small.a(libc2.o)
                0x08002c06                __putc
 .text.libc.__print_padding
                0x08002c3a       0x18 /Applications/CrossWorks for ARM 2.3/lib/libc_v7m_t_le_eabi_small.a(libc2.o)
                0x08002c3a                __print_padding
 .text.libc.__pre_padding
                0x08002c52       0x14 /Applications/CrossWorks for ARM 2.3/lib/libc_v7m_t_le_eabi_small.a(libc2.o)
                0x08002c52                __pre_padding
 .text.libc.isdigit
                0x08002c66        0xc /Applications/CrossWorks for ARM 2.3/lib/libc_v7m_t_le_eabi_small.a(libc2.o)
                0x08002c66                isdigit
 .text.libc.isspace
                0x08002c72       0x16 /Applications/CrossWorks for ARM 2.3/lib/libc_v7m_t_le_eabi_small.a(libc2.o)
                0x08002c72                isspace
 .text.libc.malloc
                0x08002c88       0x68 /Applications/CrossWorks for ARM 2.3/lib/libc_v7m_t_le_eabi_small.a(libc2.o)
                0x08002c88                malloc
 .text.libc.free
                0x08002cf0       0x80 /Applications/CrossWorks for ARM 2.3/lib/libc_v7m_t_le_eabi_small.a(libc2.o)
                0x08002cf0                free
 .text.libc.memmove
                0x08002d70       0x34 /Applications/CrossWorks for ARM 2.3/lib/libc_v7m_t_le_eabi_small.a(libc2.o)
                0x08002d70                memmove
                0x08002d70                __aeabi_memmove8
                0x08002d70                __aeabi_memmove
                0x08002d70                __aeabi_memmove4
 .text.libc.memcpy
                0x08002da4       0x1c /Applications/CrossWorks for ARM 2.3/lib/libc_v7m_t_le_eabi_small.a(libc2_asm.o)
                0x08002da4                memcpy
                0x08002da4                __aeabi_memcpy
                0x08002da4                __aeabi_memcpy4
                0x08002da4                __aeabi_memcpy8
 .text.libc.memset
                0x08002dc0       0x14 /Applications/CrossWorks for ARM 2.3/lib/libc_v7m_t_le_eabi_small.a(libc2_asm.o)
                0x08002dc0                memset
 .text.libc.strlen
                0x08002dd4       0x10 /Applications/CrossWorks for ARM 2.3/lib/libc_v7m_t_le_eabi_small.a(libc2_asm.o)
                0x08002dd4                strlen
 .text.libc.__vfprintf_int
                0x08002de4      0x450 /Applications/CrossWorks for ARM 2.3/lib/libc_v7m_t_le_eabi_small.a(__vfprintf_int.o)
                0x08002de4                __vfprintf_int
 .text.libc.__ungetc
                0x08003234       0x1c /Applications/CrossWorks for ARM 2.3/lib/libc_v7m_t_le_eabi_small.a(__vfscanf_int.o)
 .text.libc.rd_int
                0x08003250      0x13a /Applications/CrossWorks for ARM 2.3/lib/libc_v7m_t_le_eabi_small.a(__vfscanf_int.o)
 *fill*         0x0800338a        0x2 00
 .text.libc.__vfscanf_int
                0x0800338c      0x2c0 /Applications/CrossWorks for ARM 2.3/lib/libc_v7m_t_le_eabi_small.a(__vfscanf_int.o)
                0x0800338c                __vfscanf_int
 .text.libcpp._Znwj
                0x0800364c       0x2c /Applications/CrossWorks for ARM 2.3/lib/libcpp_v7m_t_le_eabi_small.a(new.o)
                0x0800364c                operator new(unsigned int)
 .text.libcpp._Znaj
                0x08003678        0x4 /Applications/CrossWorks for ARM 2.3/lib/libcpp_v7m_t_le_eabi_small.a(new.o)
                0x08003678                operator new[](unsigned int)
 .text.libcpp._ZdlPv
                0x0800367c        0x8 /Applications/CrossWorks for ARM 2.3/lib/libcpp_v7m_t_le_eabi_small.a(delete.o)
                0x0800367c                operator delete(void*)
 .text.libdebugio.__do_debug_operation_mempoll
                0x08003684       0x30 /Applications/CrossWorks for ARM 2.3/lib/libdebugio_v7m_t_le_eabi_small.a(libdebugio.o)
                0x08003684                __do_debug_operation_mempoll
 .text.libc.__heap_lock
                0x080036b4        0x2 /Applications/CrossWorks for ARM 2.3/lib/libc_user_libc_v7m_t_le_eabi_small.a(user_libc.o)
                0x080036b4                __heap_lock
 .text.libc.__heap_unlock
                0x080036b6        0x2 /Applications/CrossWorks for ARM 2.3/lib/libc_user_libc_v7m_t_le_eabi_small.a(user_libc.o)
                0x080036b6                __heap_unlock
 .text.libc.__debug_io_lock
                0x080036b8        0x2 /Applications/CrossWorks for ARM 2.3/lib/libc_user_libc_v7m_t_le_eabi_small.a(user_libc.o)
                0x080036b8                __debug_io_lock
 .text.libc.__debug_io_unlock
                0x080036ba        0x2 /Applications/CrossWorks for ARM 2.3/lib/libc_user_libc_v7m_t_le_eabi_small.a(user_libc.o)
                0x080036ba                __debug_io_unlock
                0x080036bc                __text_end__ = (__text_start__ + SIZEOF (.text))
                0x080036bc                __text_load_end__ = __text_end__

.vfp11_veneer   0x00000000        0x0
 .vfp11_veneer  0x00000000        0x0 linker stubs

.v4_bx          0x00000000        0x0
 .v4_bx         0x00000000        0x0 linker stubs

.iplt           0x00000000        0x0
 .iplt          0x00000000        0x0 THUMB Debug/pygmy_pin.o
                0x00000001                . = ASSERT (((__text_end__ >= __FLASH_segment_start__) && (__text_end__ <= __FLASH_segment_end__)), error: .text is too large to fit in FLASH memory segment)
                0x080036bc                __dtors_load_start__ = ALIGN (__text_end__, 0x4)

.dtors          0x080036bc        0x0
                0x080036bc                __dtors_start__ = .
 *(SORT(.dtors.*))
 *(.dtors)
 *(.fini_array .fini_array.*)
                0x080036bc                __dtors_end__ = (__dtors_start__ + SIZEOF (.dtors))
                0x080036bc                __dtors_load_end__ = __dtors_end__
                0x00000001                . = ASSERT (((__dtors_end__ >= __FLASH_segment_start__) && (__dtors_end__ <= __FLASH_segment_end__)), error: .dtors is too large to fit in FLASH memory segment)
                0x080036bc                __ctors_load_start__ = ALIGN (__dtors_end__, 0x4)

.ctors          0x080036bc        0x0
                0x080036bc                __ctors_start__ = .
 *(SORT(.ctors.*))
 *(.ctors)
 *(.init_array .init_array.*)
                0x080036bc                __ctors_end__ = (__ctors_start__ + SIZEOF (.ctors))
                0x080036bc                __ctors_load_end__ = __ctors_end__
                0x00000001                . = ASSERT (((__ctors_end__ >= __FLASH_segment_start__) && (__ctors_end__ <= __FLASH_segment_end__)), error: .ctors is too large to fit in FLASH memory segment)
                0x080036bc                __rodata_load_start__ = ALIGN (__ctors_end__, 0x4)

.rodata         0x080036bc      0x208
                0x080036bc                __rodata_start__ = .
 *(.rodata .rodata.* .gnu.linkonce.r.*)
 .rodata._ZL18PYGMY_ADC_CHANNELS
                0x080036bc       0x12 THUMB Debug/stm32.o
 .rodata.str1.1
                0x080036ce       0x3c THUMB Debug/main.o
 .rodata.str1.1
                0x0800370a       0x44 THUMB Debug/pygmy_stream.o
                                 0x4a (size before relaxing)
 .rodata.str1.1
                0x0800374e      0x127 THUMB Debug/pygmy_string.o
                                0x13b (size before relaxing)
 .rodata.str1.1
                0x08003875       0x28 THUMB Debug/pygmy_console.o
 .rodata.libc.__hex_lc
                0x0800389d       0x10 /Applications/CrossWorks for ARM 2.3/lib/libc_v7m_t_le_eabi_small.a(libc2.o)
                0x0800389d                __hex_lc
 .rodata.libc.__hex_uc
                0x080038ad       0x10 /Applications/CrossWorks for ARM 2.3/lib/libc_v7m_t_le_eabi_small.a(libc2.o)
                0x080038ad                __hex_uc
 .rodata.libc.str1.1
                0x080038bd        0x7 /Applications/CrossWorks for ARM 2.3/lib/libc_v7m_t_le_eabi_small.a(__vfprintf_int.o)
                0x080038c4                __rodata_end__ = (__rodata_start__ + SIZEOF (.rodata))
                0x080038c4                __rodata_load_end__ = __rodata_end__

.rel.dyn        0x08080000        0x0
 .rel.iplt      0x00000000        0x0 THUMB Debug/pygmy_pin.o
                0x00000001                . = ASSERT (((__rodata_end__ >= __FLASH_segment_start__) && (__rodata_end__ <= __FLASH_segment_end__)), error: .rodata is too large to fit in FLASH memory segment)
                0x080038c4                __ARM.exidx_load_start__ = ALIGN (__rodata_end__, 0x4)

.ARM.exidx      0x080038c4        0x0
                0x080038c4                __ARM.exidx_start__ = .
                0x080038c4                __exidx_start = __ARM.exidx_start__
 *(.ARM.exidx .ARM.exidx.*)
                0x080038c4                __ARM.exidx_end__ = (__ARM.exidx_start__ + SIZEOF (.ARM.exidx))
                0x080038c4                __exidx_end = __ARM.exidx_end__
                0x080038c4                __ARM.exidx_load_end__ = __ARM.exidx_end__
                0x00000001                . = ASSERT (((__ARM.exidx_end__ >= __FLASH_segment_start__) && (__ARM.exidx_end__ <= __FLASH_segment_end__)), error: .ARM.exidx is too large to fit in FLASH memory segment)
                0x080038c4                __fast_load_start__ = ALIGN (__ARM.exidx_end__, 0x4)

.fast           0x20000000        0x0 load address 0x080038c4
                0x20000000                __fast_start__ = .
 *(.fast .fast.*)
                0x20000000                __fast_end__ = (__fast_start__ + SIZEOF (.fast))
                0x080038c4                __fast_load_end__ = (__fast_load_start__ + SIZEOF (.fast))
                0x00000001                . = ASSERT (((__fast_load_end__ >= __FLASH_segment_start__) && (__fast_load_end__ <= __FLASH_segment_end__)), error: .fast is too large to fit in FLASH memory segment)

.fast_run       0x20000000        0x0
                0x20000000                __fast_run_start__ = .
                0x20000000                . = MAX ((__fast_run_start__ + SIZEOF (.fast)), .)
                0x20000000                __fast_run_end__ = (__fast_run_start__ + SIZEOF (.fast_run))
                0x20000000                __fast_run_load_end__ = __fast_run_end__
                0x00000001                . = ASSERT (((__fast_run_end__ >= __RAM_segment_start__) && (__fast_run_end__ <= __RAM_segment_end__)), error: .fast_run is too large to fit in RAM memory segment)
                0x080038c4                __data_load_start__ = ALIGN ((__fast_load_start__ + SIZEOF (.fast)), 0x4)

.data           0x20000000        0x8 load address 0x080038c4
                0x20000000                __data_start__ = .
 *(.data .data.* .gnu.linkonce.d.*)
 .data._ZN11PygmyString8HEXCHARSE
                0x20000000        0x4 THUMB Debug/pygmy_string.o
                0x20000000                PygmyString::HEXCHARS
 .data.libc.heap
                0x20000004        0x4 /Applications/CrossWorks for ARM 2.3/lib/libc_v7m_t_le_eabi_small.a(libc2.o)
                0x20000008                __data_end__ = (__data_start__ + SIZEOF (.data))
                0x080038cc                __data_load_end__ = (__data_load_start__ + SIZEOF (.data))

.igot.plt       0x00000000        0x0
 .igot.plt      0x00000000        0x0 THUMB Debug/pygmy_pin.o
                0x00000001                . = ASSERT (((__data_load_end__ >= __FLASH_segment_start__) && (__data_load_end__ <= __FLASH_segment_end__)), error: .data is too large to fit in FLASH memory segment)

.data_run       0x20000000        0x8 load address 0x080038c4
                0x20000000                __data_run_start__ = .
                0x20000008                . = MAX ((__data_run_start__ + SIZEOF (.data)), .)
 *fill*         0x20000000        0x8 00
                0x20000008                __data_run_end__ = (__data_run_start__ + SIZEOF (.data_run))
                0x20000008                __data_run_load_end__ = __data_run_end__
                0x00000001                . = ASSERT (((__data_run_end__ >= __RAM_segment_start__) && (__data_run_end__ <= __RAM_segment_end__)), error: .data_run is too large to fit in RAM memory segment)
                0x20000008                __bss_load_start__ = ALIGN (__data_run_end__, 0x4)

.bss            0x20000008       0x40
                0x20000008                __bss_start__ = .
 *(.bss .bss.* .gnu.linkonce.b.*)
 .bss.usart1TXHandler
                0x20000008        0x4 THUMB Debug/stm32.o
                0x20000008                usart1TXHandler
 .bss.mainClockFrequency
                0x2000000c        0x4 THUMB Debug/stm32.o
                0x2000000c                mainClockFrequency
 .bss.globalADCStatus
                0x20000010        0x2 THUMB Debug/stm32.o
                0x20000010                globalADCStatus
 *fill*         0x20000012        0x2 00
 .bss.usart1RXHandler
                0x20000014        0x4 THUMB Debug/stm32.o
                0x20000014                usart1RXHandler
 .bss.usart2RXHandler
                0x20000018        0x4 THUMB Debug/stm32.o
                0x20000018                usart2RXHandler
 .bss.usart3RXHandler
                0x2000001c        0x4 THUMB Debug/stm32.o
                0x2000001c                usart3RXHandler
 .bss.usart4RXHandler
                0x20000020        0x4 THUMB Debug/stm32.o
                0x20000020                usart4RXHandler
 .bss.com1      0x20000024        0x4 THUMB Debug/stm32.o
                0x20000024                com1
 .bss.com2      0x20000028        0x4 THUMB Debug/stm32.o
                0x20000028                com2
 .bss.com3      0x2000002c        0x4 THUMB Debug/stm32.o
                0x2000002c                com3
 .bss.com4      0x20000030        0x4 THUMB Debug/stm32.o
                0x20000030                com4
 .bss.globalFreq
                0x20000034        0x4 THUMB Debug/main.o
                0x20000034                globalFreq
 .bss.libc.__format_extender
                0x20000038        0x4 /Applications/CrossWorks for ARM 2.3/lib/libc_v7m_t_le_eabi_small.a(libc2.o)
                0x20000038                __format_extender
 .bss.libcpp._ZL10newHandler
                0x2000003c        0x4 /Applications/CrossWorks for ARM 2.3/lib/libcpp_v7m_t_le_eabi_small.a(new.o)
 .bss.libdebugio.dbgCommWord
                0x20000040        0x4 /Applications/CrossWorks for ARM 2.3/lib/libdebugio_v7m_t_le_eabi_small.a(libdebugio.o)
                0x20000040                dbgCommWord
 .bss.libdebugio.dbgCntrlWord_mempoll
                0x20000044        0x4 /Applications/CrossWorks for ARM 2.3/lib/libdebugio_v7m_t_le_eabi_small.a(libdebugio.o)
                0x20000044                dbgCntrlWord_mempoll
 *(COMMON)
                0x20000048                __bss_end__ = (__bss_start__ + SIZEOF (.bss))
                0x20000048                __bss_load_end__ = __bss_end__
                0x00000001                . = ASSERT (((__bss_end__ >= __RAM_segment_start__) && (__bss_end__ <= __RAM_segment_end__)), error: .bss is too large to fit in RAM memory segment)
                0x20000048                __non_init_load_start__ = ALIGN (__bss_end__, 0x4)

.non_init       0x20000048        0x0
                0x20000048                __non_init_start__ = .
 *(.non_init .non_init.*)
                0x20000048                __non_init_end__ = (__non_init_start__ + SIZEOF (.non_init))
                0x20000048                __non_init_load_end__ = __non_init_end__
                0x00000001                . = ASSERT (((__non_init_end__ >= __RAM_segment_start__) && (__non_init_end__ <= __RAM_segment_end__)), error: .non_init is too large to fit in RAM memory segment)
                0x20000048                __heap_load_start__ = ALIGN (__non_init_end__, 0x4)

.heap           0x20000048    0x10000
                0x20000048                __heap_start__ = .
 *(.heap .heap.*)
                0x20010048                . = ALIGN (MAX ((__heap_start__ + __HEAPSIZE__), .), 0x4)
 *fill*         0x20000048    0x10000 00
                0x20010048                __heap_end__ = (__heap_start__ + SIZEOF (.heap))
                0x20010048                __heap_load_end__ = __heap_end__
                0x00000001                . = ASSERT (((__heap_end__ >= __RAM_segment_start__) && (__heap_end__ <= __RAM_segment_end__)), error: .heap is too large to fit in RAM memory segment)
                0x20010048                __stack_load_start__ = ALIGN (__heap_end__, 0x4)

.stack          0x20010048      0x800
                0x20010048                __stack_start__ = .
 *(.stack .stack.*)
                0x20010848                . = ALIGN (MAX ((__stack_start__ + __STACKSIZE__), .), 0x4)
 *fill*         0x20010048      0x800 00
                0x20010848                __stack_end__ = (__stack_start__ + SIZEOF (.stack))
                0x20010848                __stack_load_end__ = __stack_end__
                0x00000001                . = ASSERT (((__stack_end__ >= __RAM_segment_start__) && (__stack_end__ <= __RAM_segment_end__)), error: .stack is too large to fit in RAM memory segment)
                0x20010848                __stack_process_load_start__ = ALIGN (__stack_end__, 0x4)

.stack_process  0x20010848      0x200
                0x20010848                __stack_process_start__ = .
 *(.stack_process .stack_process.*)
                0x20010a48                . = ALIGN (MAX ((__stack_process_start__ + __STACKSIZE_PROCESS__), .), 0x4)
 *fill*         0x20010848      0x200 00
                0x20010a48                __stack_process_end__ = (__stack_process_start__ + SIZEOF (.stack_process))
                0x20010a48                __stack_process_load_end__ = __stack_process_end__
                0x00000001                . = ASSERT (((__stack_process_end__ >= __RAM_segment_start__) && (__stack_process_end__ <= __RAM_segment_end__)), error: .stack_process is too large to fit in RAM memory segment)
                0x20010a48                __tbss_load_start__ = ALIGN (__stack_process_end__, 0x4)

.tbss           0x20010a48        0x0
                0x20010a48                __tbss_start__ = .
 *(.tbss .tbss.*)
                0x20010a48                __tbss_end__ = (__tbss_start__ + SIZEOF (.tbss))
                0x20010a48                __tbss_load_end__ = __tbss_end__
                0x00000001                . = ASSERT (((__tbss_end__ >= __RAM_segment_start__) && (__tbss_end__ <= __RAM_segment_end__)), error: .tbss is too large to fit in RAM memory segment)
                0x080038cc                __tdata_load_start__ = ALIGN ((__data_load_start__ + SIZEOF (.data)), 0x4)

.tdata          0x20010a48        0x0 load address 0x080038cc
                0x20010a48                __tdata_start__ = .
 *(.tdata .tdata.*)
                0x20010a48                __tdata_end__ = (__tdata_start__ + SIZEOF (.tdata))
                0x080038cc                __tdata_load_end__ = (__tdata_load_start__ + SIZEOF (.tdata))
                0x080038cc                __FLASH_segment_used_end__ = (ALIGN ((__data_load_start__ + SIZEOF (.data)), 0x4) + SIZEOF (.tdata))
                0x00000001                . = ASSERT (((__tdata_load_end__ >= __FLASH_segment_start__) && (__tdata_load_end__ <= __FLASH_segment_end__)), error: .tdata is too large to fit in FLASH memory segment)

.tdata_run      0x20010a48        0x0
                0x20010a48                __tdata_run_start__ = .
                0x20010a48                . = MAX ((__tdata_run_start__ + SIZEOF (.tdata)), .)
                0x20010a48                __tdata_run_end__ = (__tdata_run_start__ + SIZEOF (.tdata_run))
                0x20010a48                __tdata_run_load_end__ = __tdata_run_end__
                0x20010a48                __RAM_segment_used_end__ = (ALIGN (__tbss_end__, 0x4) + SIZEOF (.tdata_run))
                0x00000001                . = ASSERT (((__tdata_run_end__ >= __RAM_segment_start__) && (__tdata_run_end__ <= __RAM_segment_end__)), error: .tdata_run is too large to fit in RAM memory segment)
START GROUP
LOAD THUMB Debug/pygmy_pin.o
LOAD THUMB Debug/stm32.o
LOAD THUMB Debug/main.o
LOAD THUMB Debug/pygmy_uart.o
LOAD THUMB Debug/pygmy_stream.o
LOAD THUMB Debug/pygmy_fifo.o
LOAD THUMB Debug/pygmy_string.o
LOAD THUMB Debug/pygmy_clock.o
LOAD THUMB Debug/pygmy_command.o
LOAD THUMB Debug/pygmy_console.o
LOAD THUMB Debug/thumb_crt0.o
LOAD THUMB Debug/STM32_Startup.o
LOAD /Applications/CrossWorks for ARM 2.3/lib/libcm_v7m_t_le_eabi_small.a
LOAD /Applications/CrossWorks for ARM 2.3/lib/libm_v7m_t_le_eabi_small.a
LOAD /Applications/CrossWorks for ARM 2.3/lib/libc_v7m_t_le_eabi_small.a
LOAD /Applications/CrossWorks for ARM 2.3/lib/libcpp_v7m_t_le_eabi_small.a
LOAD /Applications/CrossWorks for ARM 2.3/lib/libdebugio_v7m_t_le_eabi_small.a
LOAD /Applications/CrossWorks for ARM 2.3/lib/libc_targetio_impl_v7m_t_le_eabi_small.a
LOAD /Applications/CrossWorks for ARM 2.3/lib/libc_user_libc_v7m_t_le_eabi_small.a
END GROUP
OUTPUT(THUMB Debug/gomex.elf elf32-littlearm)

.debug_frame    0x00000000     0x5748
 .debug_frame   0x00000000      0x104 THUMB Debug/pygmy_pin.o
 .debug_frame   0x00000104      0x84c THUMB Debug/stm32.o
 .debug_frame   0x00000950       0x58 THUMB Debug/main.o
 .debug_frame   0x000009a8      0x188 THUMB Debug/pygmy_uart.o
 .debug_frame   0x00000b30      0x570 THUMB Debug/pygmy_stream.o
 .debug_frame   0x000010a0      0x3d4 THUMB Debug/pygmy_fifo.o
 .debug_frame   0x00001474      0xd3c THUMB Debug/pygmy_string.o
 .debug_frame   0x000021b0       0xac THUMB Debug/pygmy_clock.o
 .debug_frame   0x0000225c      0x248 THUMB Debug/pygmy_command.o
 .debug_frame   0x000024a4      0x51c THUMB Debug/pygmy_console.o
 .debug_frame   0x000029c0      0x600 /Applications/CrossWorks for ARM 2.3/lib/libm_v7m_t_le_eabi_small.a(libm_asm.o)
 .debug_frame   0x00002fc0      0x978 /Applications/CrossWorks for ARM 2.3/lib/libm_v7m_t_le_eabi_small.a(libm2.o)
 .debug_frame   0x00003938      0x260 /Applications/CrossWorks for ARM 2.3/lib/libc_v7m_t_le_eabi_small.a(libc_asm.o)
 .debug_frame   0x00003b98     0x11e4 /Applications/CrossWorks for ARM 2.3/lib/libc_v7m_t_le_eabi_small.a(libc2.o)
 .debug_frame   0x00004d7c      0x120 /Applications/CrossWorks for ARM 2.3/lib/libc_v7m_t_le_eabi_small.a(libc2_asm.o)
 .debug_frame   0x00004e9c       0x40 /Applications/CrossWorks for ARM 2.3/lib/libc_v7m_t_le_eabi_small.a(__vfprintf_int.o)
 .debug_frame   0x00004edc       0x8c /Applications/CrossWorks for ARM 2.3/lib/libc_v7m_t_le_eabi_small.a(__vfscanf_int.o)
 .debug_frame   0x00004f68       0x4c /Applications/CrossWorks for ARM 2.3/lib/libcpp_v7m_t_le_eabi_small.a(new.o)
 .debug_frame   0x00004fb4       0x30 /Applications/CrossWorks for ARM 2.3/lib/libcpp_v7m_t_le_eabi_small.a(delete.o)
 .debug_frame   0x00004fe4      0x6c4 /Applications/CrossWorks for ARM 2.3/lib/libdebugio_v7m_t_le_eabi_small.a(libdebugio.o)
 .debug_frame   0x000056a8       0xa0 /Applications/CrossWorks for ARM 2.3/lib/libc_user_libc_v7m_t_le_eabi_small.a(user_libc.o)

.debug_info     0x00000000    0x53a27
 .debug_info    0x00000000     0x2538 THUMB Debug/pygmy_pin.o
 .debug_info    0x00002538     0x4b20 THUMB Debug/stm32.o
 .debug_info    0x00007058     0x8401 THUMB Debug/main.o
 .debug_info    0x0000f459     0x7066 THUMB Debug/pygmy_uart.o
 .debug_info    0x000164bf     0xa20a THUMB Debug/pygmy_stream.o
 .debug_info    0x000206c9     0xbadc THUMB Debug/pygmy_fifo.o
 .debug_info    0x0002c1a5    0x104b8 THUMB Debug/pygmy_string.o
 .debug_info    0x0003c65d     0x2243 THUMB Debug/pygmy_clock.o
 .debug_info    0x0003e8a0     0x7454 THUMB Debug/pygmy_command.o
 .debug_info    0x00045cf4     0xc1ba THUMB Debug/pygmy_console.o
 .debug_info    0x00051eae       0x8e THUMB Debug/thumb_crt0.o
 .debug_info    0x00051f3c       0xc7 THUMB Debug/STM32_Startup.o
 .debug_info    0x00052003      0x5c7 /Applications/CrossWorks for ARM 2.3/lib/libm_v7m_t_le_eabi_small.a(libm2.o)
 .debug_info    0x000525ca      0xce6 /Applications/CrossWorks for ARM 2.3/lib/libc_v7m_t_le_eabi_small.a(libc2.o)
 .debug_info    0x000532b0       0x37 /Applications/CrossWorks for ARM 2.3/lib/libc_v7m_t_le_eabi_small.a(__vfprintf_int.o)
 .debug_info    0x000532e7       0x6e /Applications/CrossWorks for ARM 2.3/lib/libc_v7m_t_le_eabi_small.a(__vfscanf_int.o)
 .debug_info    0x00053355       0x65 /Applications/CrossWorks for ARM 2.3/lib/libcpp_v7m_t_le_eabi_small.a(new.o)
 .debug_info    0x000533ba       0x50 /Applications/CrossWorks for ARM 2.3/lib/libcpp_v7m_t_le_eabi_small.a(delete.o)
 .debug_info    0x0005340a      0x547 /Applications/CrossWorks for ARM 2.3/lib/libdebugio_v7m_t_le_eabi_small.a(libdebugio.o)
 .debug_info    0x00053951       0xd6 /Applications/CrossWorks for ARM 2.3/lib/libc_user_libc_v7m_t_le_eabi_small.a(user_libc.o)

.debug_abbrev   0x00000000     0x504f
 .debug_abbrev  0x00000000      0x48a THUMB Debug/pygmy_pin.o
 .debug_abbrev  0x0000048a      0x65f THUMB Debug/stm32.o
 .debug_abbrev  0x00000ae9      0x795 THUMB Debug/main.o
 .debug_abbrev  0x0000127e      0x70e THUMB Debug/pygmy_uart.o
 .debug_abbrev  0x0000198c      0x99a THUMB Debug/pygmy_stream.o
 .debug_abbrev  0x00002326      0x965 THUMB Debug/pygmy_fifo.o
 .debug_abbrev  0x00002c8b      0xa0f THUMB Debug/pygmy_string.o
 .debug_abbrev  0x0000369a      0x382 THUMB Debug/pygmy_clock.o
 .debug_abbrev  0x00003a1c      0x8b5 THUMB Debug/pygmy_command.o
 .debug_abbrev  0x000042d1      0x9ac THUMB Debug/pygmy_console.o
 .debug_abbrev  0x00004c7d       0x14 THUMB Debug/thumb_crt0.o
 .debug_abbrev  0x00004c91       0x14 THUMB Debug/STM32_Startup.o
 .debug_abbrev  0x00004ca5       0xb2 /Applications/CrossWorks for ARM 2.3/lib/libm_v7m_t_le_eabi_small.a(libm2.o)
 .debug_abbrev  0x00004d57      0x163 /Applications/CrossWorks for ARM 2.3/lib/libc_v7m_t_le_eabi_small.a(libc2.o)
 .debug_abbrev  0x00004eba       0x28 /Applications/CrossWorks for ARM 2.3/lib/libc_v7m_t_le_eabi_small.a(__vfprintf_int.o)
 .debug_abbrev  0x00004ee2       0x59 /Applications/CrossWorks for ARM 2.3/lib/libc_v7m_t_le_eabi_small.a(__vfscanf_int.o)
 .debug_abbrev  0x00004f3b       0x54 /Applications/CrossWorks for ARM 2.3/lib/libcpp_v7m_t_le_eabi_small.a(new.o)
 .debug_abbrev  0x00004f8f       0x28 /Applications/CrossWorks for ARM 2.3/lib/libcpp_v7m_t_le_eabi_small.a(delete.o)
 .debug_abbrev  0x00004fb7       0x70 /Applications/CrossWorks for ARM 2.3/lib/libdebugio_v7m_t_le_eabi_small.a(libdebugio.o)
 .debug_abbrev  0x00005027       0x28 /Applications/CrossWorks for ARM 2.3/lib/libc_user_libc_v7m_t_le_eabi_small.a(user_libc.o)

.debug_loc      0x00000000    0x11905
 .debug_loc     0x00000000      0x300 THUMB Debug/pygmy_pin.o
 .debug_loc     0x00000300     0x170a THUMB Debug/stm32.o
 .debug_loc     0x00001a0a       0x72 THUMB Debug/main.o
 .debug_loc     0x00001a7c      0x51c THUMB Debug/pygmy_uart.o
 .debug_loc     0x00001f98     0x21db THUMB Debug/pygmy_stream.o
 .debug_loc     0x00004173     0x23a1 THUMB Debug/pygmy_fifo.o
 .debug_loc     0x00006514     0x6615 THUMB Debug/pygmy_string.o
 .debug_loc     0x0000cb29      0x25d THUMB Debug/pygmy_clock.o
 .debug_loc     0x0000cd86      0xfbf THUMB Debug/pygmy_command.o
 .debug_loc     0x0000dd45     0x1e92 THUMB Debug/pygmy_console.o
 .debug_loc     0x0000fbd7      0x83e /Applications/CrossWorks for ARM 2.3/lib/libm_v7m_t_le_eabi_small.a(libm2.o)
 .debug_loc     0x00010415      0xe6a /Applications/CrossWorks for ARM 2.3/lib/libc_v7m_t_le_eabi_small.a(libc2.o)
 .debug_loc     0x0001127f       0x2d /Applications/CrossWorks for ARM 2.3/lib/libc_v7m_t_le_eabi_small.a(__vfprintf_int.o)
 .debug_loc     0x000112ac       0x6d /Applications/CrossWorks for ARM 2.3/lib/libc_v7m_t_le_eabi_small.a(__vfscanf_int.o)
 .debug_loc     0x00011319       0x20 /Applications/CrossWorks for ARM 2.3/lib/libcpp_v7m_t_le_eabi_small.a(new.o)
 .debug_loc     0x00011339      0x5cc /Applications/CrossWorks for ARM 2.3/lib/libdebugio_v7m_t_le_eabi_small.a(libdebugio.o)

.debug_aranges  0x00000000     0x1868
 .debug_aranges
                0x00000000       0x80 THUMB Debug/pygmy_pin.o
 .debug_aranges
                0x00000080      0x330 THUMB Debug/stm32.o
 .debug_aranges
                0x000003b0       0x30 THUMB Debug/main.o
 .debug_aranges
                0x000003e0       0x98 THUMB Debug/pygmy_uart.o
 .debug_aranges
                0x00000478      0x1b0 THUMB Debug/pygmy_stream.o
 .debug_aranges
                0x00000628      0x128 THUMB Debug/pygmy_fifo.o
 .debug_aranges
                0x00000750      0x378 THUMB Debug/pygmy_string.o
 .debug_aranges
                0x00000ac8       0x58 THUMB Debug/pygmy_clock.o
 .debug_aranges
                0x00000b20       0xc8 THUMB Debug/pygmy_command.o
 .debug_aranges
                0x00000be8      0x210 THUMB Debug/pygmy_console.o
 .debug_aranges
                0x00000df8       0x20 THUMB Debug/thumb_crt0.o
 .debug_aranges
                0x00000e18       0x20 THUMB Debug/STM32_Startup.o
 .debug_aranges
                0x00000e38      0x228 /Applications/CrossWorks for ARM 2.3/lib/libm_v7m_t_le_eabi_small.a(libm2.o)
 .debug_aranges
                0x00001060      0x4e8 /Applications/CrossWorks for ARM 2.3/lib/libc_v7m_t_le_eabi_small.a(libc2.o)
 .debug_aranges
                0x00001548       0x20 /Applications/CrossWorks for ARM 2.3/lib/libc_v7m_t_le_eabi_small.a(__vfprintf_int.o)
 .debug_aranges
                0x00001568       0x30 /Applications/CrossWorks for ARM 2.3/lib/libc_v7m_t_le_eabi_small.a(__vfscanf_int.o)
 .debug_aranges
                0x00001598       0x30 /Applications/CrossWorks for ARM 2.3/lib/libcpp_v7m_t_le_eabi_small.a(new.o)
 .debug_aranges
                0x000015c8       0x28 /Applications/CrossWorks for ARM 2.3/lib/libcpp_v7m_t_le_eabi_small.a(delete.o)
 .debug_aranges
                0x000015f0      0x218 /Applications/CrossWorks for ARM 2.3/lib/libdebugio_v7m_t_le_eabi_small.a(libdebugio.o)
 .debug_aranges
                0x00001808       0x60 /Applications/CrossWorks for ARM 2.3/lib/libc_user_libc_v7m_t_le_eabi_small.a(user_libc.o)

.debug_ranges   0x00000000     0x33a0
 .debug_ranges  0x00000000       0x70 THUMB Debug/pygmy_pin.o
 .debug_ranges  0x00000070      0x5f0 THUMB Debug/stm32.o
 .debug_ranges  0x00000660       0x68 THUMB Debug/main.o
 .debug_ranges  0x000006c8      0x108 THUMB Debug/pygmy_uart.o
 .debug_ranges  0x000007d0      0x470 THUMB Debug/pygmy_stream.o
 .debug_ranges  0x00000c40      0x6b8 THUMB Debug/pygmy_fifo.o
 .debug_ranges  0x000012f8      0xd10 THUMB Debug/pygmy_string.o
 .debug_ranges  0x00002008       0x48 THUMB Debug/pygmy_clock.o
 .debug_ranges  0x00002050      0x370 THUMB Debug/pygmy_command.o
 .debug_ranges  0x000023c0      0x630 THUMB Debug/pygmy_console.o
 .debug_ranges  0x000029f0      0x218 /Applications/CrossWorks for ARM 2.3/lib/libm_v7m_t_le_eabi_small.a(libm2.o)
 .debug_ranges  0x00002c08      0x4d8 /Applications/CrossWorks for ARM 2.3/lib/libc_v7m_t_le_eabi_small.a(libc2.o)
 .debug_ranges  0x000030e0       0x10 /Applications/CrossWorks for ARM 2.3/lib/libc_v7m_t_le_eabi_small.a(__vfprintf_int.o)
 .debug_ranges  0x000030f0       0x20 /Applications/CrossWorks for ARM 2.3/lib/libc_v7m_t_le_eabi_small.a(__vfscanf_int.o)
 .debug_ranges  0x00003110       0x20 /Applications/CrossWorks for ARM 2.3/lib/libcpp_v7m_t_le_eabi_small.a(new.o)
 .debug_ranges  0x00003130       0x18 /Applications/CrossWorks for ARM 2.3/lib/libcpp_v7m_t_le_eabi_small.a(delete.o)
 .debug_ranges  0x00003148      0x208 /Applications/CrossWorks for ARM 2.3/lib/libdebugio_v7m_t_le_eabi_small.a(libdebugio.o)
 .debug_ranges  0x00003350       0x50 /Applications/CrossWorks for ARM 2.3/lib/libc_user_libc_v7m_t_le_eabi_small.a(user_libc.o)

.debug_line     0x00000000     0x7722
 .debug_line    0x00000000      0x388 THUMB Debug/pygmy_pin.o
 .debug_line    0x00000388      0xe3c THUMB Debug/stm32.o
 .debug_line    0x000011c4      0x413 THUMB Debug/main.o
 .debug_line    0x000015d7      0x4ad THUMB Debug/pygmy_uart.o
 .debug_line    0x00001a84      0xc15 THUMB Debug/pygmy_stream.o
 .debug_line    0x00002699      0xbcd THUMB Debug/pygmy_fifo.o
 .debug_line    0x00003266     0x1b0a THUMB Debug/pygmy_string.o
 .debug_line    0x00004d70      0x344 THUMB Debug/pygmy_clock.o
 .debug_line    0x000050b4      0x78f THUMB Debug/pygmy_command.o
 .debug_line    0x00005843      0xc3e THUMB Debug/pygmy_console.o
 .debug_line    0x00006481       0xf3 THUMB Debug/thumb_crt0.o
 .debug_line    0x00006574      0x117 THUMB Debug/STM32_Startup.o
 .debug_line    0x0000668b      0x330 /Applications/CrossWorks for ARM 2.3/lib/libm_v7m_t_le_eabi_small.a(libm2.o)
 .debug_line    0x000069bb      0x5b7 /Applications/CrossWorks for ARM 2.3/lib/libc_v7m_t_le_eabi_small.a(libc2.o)
 .debug_line    0x00006f72       0x79 /Applications/CrossWorks for ARM 2.3/lib/libc_v7m_t_le_eabi_small.a(__vfprintf_int.o)
 .debug_line    0x00006feb       0x78 /Applications/CrossWorks for ARM 2.3/lib/libc_v7m_t_le_eabi_small.a(__vfscanf_int.o)
 .debug_line    0x00007063       0x76 /Applications/CrossWorks for ARM 2.3/lib/libcpp_v7m_t_le_eabi_small.a(new.o)
 .debug_line    0x000070d9       0x79 /Applications/CrossWorks for ARM 2.3/lib/libcpp_v7m_t_le_eabi_small.a(delete.o)
 .debug_line    0x00007152      0x558 /Applications/CrossWorks for ARM 2.3/lib/libdebugio_v7m_t_le_eabi_small.a(libdebugio.o)
 .debug_line    0x000076aa       0x78 /Applications/CrossWorks for ARM 2.3/lib/libc_user_libc_v7m_t_le_eabi_small.a(user_libc.o)

.debug_str      0x00000000     0xda50
 .debug_str     0x00000000      0x687 THUMB Debug/pygmy_pin.o
                                0x911 (size before relaxing)
 .debug_str     0x00000687     0x14fa THUMB Debug/stm32.o
                               0x1cdc (size before relaxing)
 .debug_str     0x00001b81     0x7dee THUMB Debug/main.o
                               0x8826 (size before relaxing)
 .debug_str     0x0000996f       0x40 THUMB Debug/pygmy_uart.o
                               0x789d (size before relaxing)
 .debug_str     0x000099af      0x795 THUMB Debug/pygmy_stream.o
                               0x7bfd (size before relaxing)
 .debug_str     0x0000a144      0x6fd THUMB Debug/pygmy_fifo.o
                               0x815b (size before relaxing)
 .debug_str     0x0000a841     0x253e THUMB Debug/pygmy_string.o
                               0x83db (size before relaxing)
 .debug_str     0x0000cd7f       0x39 THUMB Debug/pygmy_clock.o
                                0x84a (size before relaxing)
 .debug_str     0x0000cdb8       0x70 THUMB Debug/pygmy_command.o
                               0x5cda (size before relaxing)
 .debug_str     0x0000ce28       0x31 THUMB Debug/pygmy_console.o
                               0x8cd2 (size before relaxing)
 .debug_str     0x0000ce59      0x10b /Applications/CrossWorks for ARM 2.3/lib/libm_v7m_t_le_eabi_small.a(libm2.o)
                                0x216 (size before relaxing)
 .debug_str     0x0000cf64      0x49e /Applications/CrossWorks for ARM 2.3/lib/libc_v7m_t_le_eabi_small.a(libc2.o)
                                0x659 (size before relaxing)
 .debug_str     0x0000d402       0x68 /Applications/CrossWorks for ARM 2.3/lib/libc_v7m_t_le_eabi_small.a(__vfprintf_int.o)
                                 0xb1 (size before relaxing)
 .debug_str     0x0000d46a       0x80 /Applications/CrossWorks for ARM 2.3/lib/libc_v7m_t_le_eabi_small.a(__vfscanf_int.o)
                                 0xc9 (size before relaxing)
 .debug_str     0x0000d4ea       0x66 /Applications/CrossWorks for ARM 2.3/lib/libcpp_v7m_t_le_eabi_small.a(new.o)
                                 0xda (size before relaxing)
 .debug_str     0x0000d550       0x73 /Applications/CrossWorks for ARM 2.3/lib/libcpp_v7m_t_le_eabi_small.a(delete.o)
                                 0xd5 (size before relaxing)
 .debug_str     0x0000d5c3      0x3b7 /Applications/CrossWorks for ARM 2.3/lib/libdebugio_v7m_t_le_eabi_small.a(libdebugio.o)
                                0x400 (size before relaxing)
 .debug_str     0x0000d97a       0xd6 /Applications/CrossWorks for ARM 2.3/lib/libc_user_libc_v7m_t_le_eabi_small.a(user_libc.o)
                                0x11f (size before relaxing)

.comment        0x00000000       0x4e
 .comment       0x00000000       0x4e THUMB Debug/pygmy_pin.o
                                 0x4f (size before relaxing)
 .comment       0x00000000       0x4f THUMB Debug/stm32.o
 .comment       0x00000000       0x4f THUMB Debug/main.o
 .comment       0x00000000       0x4f THUMB Debug/pygmy_uart.o
 .comment       0x00000000       0x4f THUMB Debug/pygmy_stream.o
 .comment       0x00000000       0x4f THUMB Debug/pygmy_fifo.o
 .comment       0x00000000       0x4f THUMB Debug/pygmy_string.o
 .comment       0x00000000       0x4f THUMB Debug/pygmy_clock.o
 .comment       0x00000000       0x4f THUMB Debug/pygmy_command.o
 .comment       0x00000000       0x4f THUMB Debug/pygmy_console.o
 .comment       0x00000000       0x4f /Applications/CrossWorks for ARM 2.3/lib/libm_v7m_t_le_eabi_small.a(libm2.o)
 .comment       0x00000000       0x4f /Applications/CrossWorks for ARM 2.3/lib/libc_v7m_t_le_eabi_small.a(libc2.o)
 .comment       0x00000000       0x4f /Applications/CrossWorks for ARM 2.3/lib/libc_v7m_t_le_eabi_small.a(__vfprintf_int.o)
 .comment       0x00000000       0x4f /Applications/CrossWorks for ARM 2.3/lib/libc_v7m_t_le_eabi_small.a(__vfscanf_int.o)
 .comment       0x00000000       0x4f /Applications/CrossWorks for ARM 2.3/lib/libcpp_v7m_t_le_eabi_small.a(new.o)
 .comment       0x00000000       0x4f /Applications/CrossWorks for ARM 2.3/lib/libcpp_v7m_t_le_eabi_small.a(delete.o)
 .comment       0x00000000       0x4f /Applications/CrossWorks for ARM 2.3/lib/libdebugio_v7m_t_le_eabi_small.a(libdebugio.o)
 .comment       0x00000000       0x4f /Applications/CrossWorks for ARM 2.3/lib/libc_user_libc_v7m_t_le_eabi_small.a(user_libc.o)

.ARM.attributes
                0x00000000       0x33
 .ARM.attributes
                0x00000000       0x33 THUMB Debug/pygmy_pin.o
 .ARM.attributes
                0x00000033       0x33 THUMB Debug/stm32.o
 .ARM.attributes
                0x00000066       0x33 THUMB Debug/main.o
 .ARM.attributes
                0x00000099       0x33 THUMB Debug/pygmy_uart.o
 .ARM.attributes
                0x000000cc       0x33 THUMB Debug/pygmy_stream.o
 .ARM.attributes
                0x000000ff       0x33 THUMB Debug/pygmy_fifo.o
 .ARM.attributes
                0x00000132       0x33 THUMB Debug/pygmy_string.o
 .ARM.attributes
                0x00000165       0x33 THUMB Debug/pygmy_clock.o
 .ARM.attributes
                0x00000198       0x33 THUMB Debug/pygmy_command.o
 .ARM.attributes
                0x000001cb       0x33 THUMB Debug/pygmy_console.o
 .ARM.attributes
                0x000001fe       0x23 THUMB Debug/thumb_crt0.o
 .ARM.attributes
                0x00000221       0x23 THUMB Debug/STM32_Startup.o
 .ARM.attributes
                0x00000244       0x1d /Applications/CrossWorks for ARM 2.3/lib/libm_v7m_t_le_eabi_small.a(libm_asm.o)
 .ARM.attributes
                0x00000261       0x2d /Applications/CrossWorks for ARM 2.3/lib/libm_v7m_t_le_eabi_small.a(libm2.o)
 .ARM.attributes
                0x0000028e       0x1d /Applications/CrossWorks for ARM 2.3/lib/libc_v7m_t_le_eabi_small.a(libc_asm.o)
 .ARM.attributes
                0x000002ab       0x2d /Applications/CrossWorks for ARM 2.3/lib/libc_v7m_t_le_eabi_small.a(libc2.o)
 .ARM.attributes
                0x000002d8       0x1d /Applications/CrossWorks for ARM 2.3/lib/libc_v7m_t_le_eabi_small.a(libc2_asm.o)
 .ARM.attributes
                0x000002f5       0x2d /Applications/CrossWorks for ARM 2.3/lib/libc_v7m_t_le_eabi_small.a(__vfprintf_int.o)
 .ARM.attributes
                0x00000322       0x2d /Applications/CrossWorks for ARM 2.3/lib/libc_v7m_t_le_eabi_small.a(__vfscanf_int.o)
 .ARM.attributes
                0x0000034f       0x2d /Applications/CrossWorks for ARM 2.3/lib/libcpp_v7m_t_le_eabi_small.a(new.o)
 .ARM.attributes
                0x0000037c       0x2d /Applications/CrossWorks for ARM 2.3/lib/libcpp_v7m_t_le_eabi_small.a(delete.o)
 .ARM.attributes
                0x000003a9       0x2d /Applications/CrossWorks for ARM 2.3/lib/libdebugio_v7m_t_le_eabi_small.a(libdebugio.o)
 .ARM.attributes
                0x000003d6       0x2d /Applications/CrossWorks for ARM 2.3/lib/libc_user_libc_v7m_t_le_eabi_small.a(user_libc.o)
